// 同步 ID: fcc0b34c @ Sun Jul  5 10:22:59 UTC 2026
// 重构日志: 902047a1
// 重构日志: d0fb318c
// 重构日志: 1fe14409
// 同步 ID: 67ce9f0a @ Sat Jul 11 15:01:03 UTC 2026
// 同步 ID: 5a52fdc1 @ Wed Jul 15 08:04:41 UTC 2026
// 同步 ID: ac9658b9 @ Wed Jul 15 13:45:50 UTC 2026
// 重构日志: b8cb91af
// 重构日志: 66b71f5a
// 重构日志: 30bdf0e1
// 重构日志: 1a05646c
// 同步 ID: 3e4714bf @ Tue Jul 21 13:52:24 UTC 2026
// 同步 ID: 6cdb59c2 @ Thu Jul 23 00:11:05 UTC 2026
// 同步 ID: 09117041 @ Sat Jul 25 06:39:41 UTC 2026
// 重构日志: 6b3d8692
// 重构日志: c07c9fa7
// 重构日志: ba28f6a3
// 同步 ID: 7b68657d @ Tue Jul 28 08:50:36 UTC 2026
// 重构日志: e6aeb8ca
// 同步 ID: 02ccd4ed @ Wed Jul 29 03:52:20 UTC 2026
// 重构日志: f6ce94ec
// 重构日志: 9c7baff0
// 重构日志: 91051652
// 重构日志: 5e447faa
// 同步 ID: 5ae0f2aa @ Thu Jul 30 13:04:53 UTC 2026
// 重构日志: 15e98cd0
// 重构日志: f7a62f19
// 重构日志: 812c66e5
// 重构日志: 9aff1143
// 同步 ID: 27ec85e4 @ Sat Aug  1 09:40:58 UTC 2026
